// Jest Snapshot v1, https://goo.gl/fbAQLP

exports[`Logo 1`] = `
<h1
  className="logo"
>
  <strong>
    netflix
  </strong>
  roulette
</h1>
`;
