// Jest Snapshot v1, https://goo.gl/fbAQLP

exports[`render correctly date component 1`] = `
<footer>
  <span
    className="text"
  >
    <strong>
      netflix
    </strong>
    roulette
  </span>
</footer>
`;
